
Open Command or Window PowerShell and tryp

$ ssh root@your server ip 

Ubuntu change hostname command
Type the following command to edit /etc/hostname using nano or vi text editor:
$ sudo nano /etc/hostname
Delete the old name and setup new name.
Next Edit the /etc/hosts file:
$ sudo nano /etc/hosts
Replace any occurrence of the existing computer name with your new one.
Reboot the system to changes take effect:
$ sudo reboot
#####################################################3
$ sudo adduser odoo
$ sudo reboot

Run All Scripts in file odoo_pro18.sh
to run thes script you can use this code
$ wget https://raw.githubusercontent.com/FalconValley/OdooScripts/13/odoo_pro18.sh
$ chmod +x odoo_pro18.sh
$ ./odoo_pro18.sh

Then edit the Ngnix file to change your domain in Server Name like  FalconOdoo13.gotdns.com *.falconodoo13.gotdns.com;
$ nano /etc/nginx/sites-available/odoo.conf
To test ngnix use
$ nginx -t
Restart ngnix
$ service nginx restart
#################################
$ su odoo
$ cd /odoo
$ git clone --branch 13.0 --depth 1 https://github.com/odoo/odoo .
if u need to clone the entrprise
 
$ git clone --branch 13.0 --depth 1 https://github.com/odoo/entrprise
Add Extra File to Use Extra Adoon When u cd odoo
$ mkdir extra
$ exit
$ service odoo restart
#####################################
SSL Your Site 
go to the  https://certbot.eff.org/
and select what do u need from My HTTP website is running chose ngnix and your oreting system
u will got this commands

$ sudo apt-get update
$ sudo apt-get install software-properties-common
$ sudo add-apt-repository universe
$ sudo add-apt-repository ppa:certbot/certbot
$ sudo apt-get update
$ sudo apt-get install certbot python-certbot-nginx
$ sudo certbot --nginx

############################################
Edit odoo config file to add the append the extra file 
$  nano /etc/odoo/odoo.conf
if enrprise use
addons_path = /odoo/odoo/addons,/odoo/addons,/odoo/extra,/odoo/enterprise
if comunity use
addons_path = /odoo/odoo/addons,/odoo/addons,/odoo/extra

Then Update The Proxy_Mode = true

###############################################
Now to set database tune go to the   https://pgtune.leopard.in.ua/#/
and provide site with your server data and press genrate and copy your configuration and update your postgre config
$ nano /etc/postgresql/12/main/postgresql.conf
under this line # Add settings for extensions here you can pase your configuration and save it
then restart postgres service and odoo
$ service postgresql restart
$ service odoo restart

To see Odoo log from trminal use
$ tail -f /var/log/odoo/odoo-server.log


to fix error in webmin
$ sudo apt-get --fix-broken install

to add filter in database to filter by domain or subdomain name 
dbfilter = ^%h$ 

Installing Virtualmin

$ curl -O http://software.virtualmin.com/gpl/scripts/install.sh
$ sudo chmod +x install.sh
$ sudo ./install.sh



